<?xml version="1.0" encoding="utf-8"?><testsuites name="pytest tests"><testsuite name="pytest" errors="0" failures="0" skipped="0" tests="116" time="2.715" timestamp="2025-08-17T22:35:30.811801+00:00" hostname="pkrvmubgrv54qmi"><testcase classname="tests.test_attributeChoiceParam.TestChoiceParam" name="test_customValueIsSerialized" time="0.009" /><testcase classname="tests.test_attributeChoiceParam.TestChoiceParam" name="test_customMultiValueIsSerialized" time="0.005" /><testcase classname="tests.test_attributeChoiceParam.TestChoiceParam" name="test_overridenValuesAreNotSerialized" time="0.005" /><testcase classname="tests.test_attributeChoiceParam.TestChoiceParam" name="test_connectionPropagatesOverridenValues" time="0.004" /><testcase classname="tests.test_attributeChoiceParam.TestChoiceParam" name="test_connectionsAreSerialized" time="0.009" /><testcase classname="tests.test_attributeChoiceParam.TestChoiceParamSavingCustomValues" name="test_customValueIsSerialized" time="0.006" /><testcase classname="tests.test_attributeChoiceParam.TestChoiceParamSavingCustomValues" name="test_overridenValuesAreSerialized" time="0.005" /><testcase classname="tests.test_attributeChoiceParam.TestChoiceParamSavingCustomValues" name="test_connectionsAreSerialized" time="0.009" /><testcase classname="tests.test_attributes" name="test_attribute_retrieve_linked_input_and_output_attributes" time="0.009" /><testcase classname="tests.test_attributes" name="test_attribute_is3D_file_extensions[test.obj-True]" time="0.002" /><testcase classname="tests.test_attributes" name="test_attribute_is3D_file_extensions[test.stl-True]" time="0.002" /><testcase classname="tests.test_attributes" name="test_attribute_is3D_file_extensions[test.fbx-True]" time="0.002" /><testcase classname="tests.test_attributes" name="test_attribute_is3D_file_extensions[test.gltf-True]" time="0.002" /><testcase classname="tests.test_attributes" name="test_attribute_is3D_file_extensions[test.abc-True]" time="0.002" /><testcase classname="tests.test_attributes" name="test_attribute_is3D_file_extensions[test.ply-True]" time="0.002" /><testcase classname="tests.test_attributes" name="test_attribute_is3D_file_extensions[test.-False]" time="0.002" /><testcase classname="tests.test_attributes" name="test_attribute_is3D_file_extensions[test.exe-False]" time="0.002" /><testcase classname="tests.test_attributes" name="test_attribute_is3D_file_extensions[test.jpg-False]" time="0.002" /><testcase classname="tests.test_attributes" name="test_attribute_is3D_file_extensions[test.png-False]" time="0.002" /><testcase classname="tests.test_attributes" name="test_attribute_is3D_file_extensions[test.py-False]" time="0.002" /><testcase classname="tests.test_attributes" name="test_attribute_i3D_by_description_semantic" time="0.002" /><testcase classname="tests.test_attributes" name="test_attribute_is2D_file_semantic[image-True]" time="0.004" /><testcase classname="tests.test_attributes" name="test_attribute_is2D_file_semantic[imageList-True]" time="0.002" /><testcase classname="tests.test_attributes" name="test_attribute_is2D_file_semantic[sequence-True]" time="0.002" /><testcase classname="tests.test_attributes" name="test_attribute_is2D_file_semantic[3d-False]" time="0.002" /><testcase classname="tests.test_attributes" name="test_attribute_is2D_file_semantic[-False]" time="0.002" /><testcase classname="tests.test_attributes" name="test_attribute_is2D_file_semantic[multiline-False]" time="0.002" /><testcase classname="tests.test_attributes" name="test_attribute_is2D_file_semantic[color/hue-False]" time="0.002" /><testcase classname="tests.test_compatibility" name="test_unknown_node_type" time="0.005" /><testcase classname="tests.test_compatibility" name="test_description_conflict" time="0.033" /><testcase classname="tests.test_compatibility" name="test_upgradeAllNodes" time="0.015" /><testcase classname="tests.test_compatibility" name="test_conformUpgrade" time="0.021" /><testcase classname="tests.test_compatibility.TestGraphLoadingWithStrictCompatibility" name="test_failsOnUnknownNodeType" time="0.005" /><testcase classname="tests.test_compatibility.TestGraphLoadingWithStrictCompatibility" name="test_failsOnNodeDescriptionCompatibilityIssue" time="0.005" /><testcase classname="tests.test_compatibility.TestGraphTemplateLoading" name="test_failsOnUnknownNodeTypeError" time="0.004" /><testcase classname="tests.test_compatibility.TestGraphTemplateLoading" name="test_loadsIfIncompatibleNodeHasDefaultAttributeValues" time="0.005" /><testcase classname="tests.test_compatibility.TestGraphTemplateLoading" name="test_loadsIfValueSetOnCompatibleAttribute" time="0.005" /><testcase classname="tests.test_compatibility.TestGraphTemplateLoading" name="test_loadsIfValueSetOnIncompatibleAttribute" time="0.005" /><testcase classname="tests.test_compatibility.TestVersionConflict" name="test_loadingConflictingNodeVersionCreatesCompatibilityNodes" time="0.005" /><testcase classname="tests.test_compatibility.TestVersionConflict" name="test_loadingUnspecifiedNodeVersionAssumesCurrentVersion" time="0.005" /><testcase classname="tests.test_compatibility.TestUidConflict" name="test_changingInvalidateOnAttributeDescCreatesUidConflict" time="0.009" /><testcase classname="tests.test_compatibility.TestUidConflict" name="test_uidConflictingNodesPreserveConnectionsOnGraphLoad" time="0.014" /><testcase classname="tests.test_compatibility.TestUidConflict" name="test_upgradingConflictingNodesPreserveConnections" time="0.023" /><testcase classname="tests.test_compatibility.TestUidConflict" name="test_uidConflictDoesNotPropagateToValidDownstreamNodeThroughConnection" time="0.010" /><testcase classname="tests.test_compatibility.TestUidConflict" name="test_uidConflictDoesNotPropagateToValidDownstreamNodeThroughListConnection" time="0.012" /><testcase classname="tests.test_graph" name="test_depth" time="0.006" /><testcase classname="tests.test_graph" name="test_depth_diamond_graph" time="0.008" /><testcase classname="tests.test_graph" name="test_depth_diamond_graph2" time="0.011" /><testcase classname="tests.test_graph" name="test_transitive_reduction" time="0.011" /><testcase classname="tests.test_graph" name="test_graph_reverse_dfsOnDiscover" time="0.015" /><testcase classname="tests.test_graph" name="test_graph_dfsOnDiscover" time="0.015" /><testcase classname="tests.test_graph" name="test_graph_nodes_sorting" time="0.007" /><testcase classname="tests.test_graph" name="test_duplicate_nodes" time="0.014" /><testcase classname="tests.test_graphIO.TestImportGraphContent" name="test_importEmptyGraph" time="0.001" /><testcase classname="tests.test_graphIO.TestImportGraphContent" name="test_importGraphWithSingleNode" time="0.003" /><testcase classname="tests.test_graphIO.TestImportGraphContent" name="test_importGraphWithSeveralNodes" time="0.005" /><testcase classname="tests.test_graphIO.TestImportGraphContent" name="test_importingGraphWithNodesAndEdges" time="0.006" /><testcase classname="tests.test_graphIO.TestImportGraphContent" name="test_edgeRemappingOnImportingGraphSeveralTimes" time="0.008" /><testcase classname="tests.test_graphIO.TestImportGraphContent" name="test_edgeRemappingOnImportingGraphWithUnkownNodeTypesSeveralTimes" time="0.010" /><testcase classname="tests.test_graphIO.TestImportGraphContent" name="test_importGraphWithUnknownNodeTypesCreatesCompatibilityNodes" time="0.003" /><testcase classname="tests.test_graphIO.TestImportGraphContent" name="test_importGraphContentInPlace" time="0.006" /><testcase classname="tests.test_graphIO.TestImportGraphContent" name="test_importGraphContentFromFile" time="0.010" /><testcase classname="tests.test_graphIO.TestImportGraphContent" name="test_importGraphContentFromFileWithCompatibilityNodes" time="0.009" /><testcase classname="tests.test_graphIO.TestImportGraphContent" name="test_importingDifferentNodeVersionCreatesCompatibilityNodes" time="0.006" /><testcase classname="tests.test_graphIO.TestGraphPartialSerialization" name="test_emptyGraph" time="0.001" /><testcase classname="tests.test_graphIO.TestGraphPartialSerialization" name="test_serializeAllNodesIsSimilarToStandardSerialization" time="0.008" /><testcase classname="tests.test_graphIO.TestGraphPartialSerialization" name="test_listAttributeToListAttributeConnectionIsSerialized" time="0.007" /><testcase classname="tests.test_graphIO.TestGraphPartialSerialization" name="test_singleNodeWithInputConnectionFromNonSerializedNodeRemovesEdge" time="0.005" /><testcase classname="tests.test_graphIO.TestGraphPartialSerialization" name="test_serializeSingleNodeWithInputConnectionToListAttributeRemovesListEntry" time="0.008" /><testcase classname="tests.test_graphIO.TestGraphPartialSerialization" name="test_serializeSingleNodeWithInputConnectionToNestedListAttributeRemovesListEntry" time="0.006" /><testcase classname="tests.test_graphIO.TestGraphCopy" name="test_graphCopyIsIdenticalToOriginalGraph" time="0.006" /><testcase classname="tests.test_graphIO.TestGraphCopy" name="test_graphCopyWithUnknownNodeTypesDiffersFromOriginalGraph" time="0.005" /><testcase classname="tests.test_graphIO.TestImportGraphContentFromMinimalGraphData" name="test_nodeWithoutVersionInfoIsUpgraded" time="0.004" /><testcase classname="tests.test_graphIO.TestImportGraphContentFromMinimalGraphData" name="test_connectionsToMissingNodesAreDiscarded" time="0.003" /><testcase classname="tests.test_invalidation" name="test_output_invalidation" time="0.008" /><testcase classname="tests.test_invalidation" name="test_inputLinkInvalidation" time="0.004" /><testcase classname="tests.test_listAttribute.TestListAttribute" name="test_lengthUsesLinkParam" time="0.004" /><testcase classname="tests.test_listAttribute.TestListAttribute" name="test_iterationUsesLinkParam" time="0.005" /><testcase classname="tests.test_listAttribute.TestListAttribute" name="test_elementAccessUsesLinkParam" time="0.005" /><testcase classname="tests.test_model" name="test_DictModel_add_remove" time="0.002" /><testcase classname="tests.test_model" name="test_listModel_typed_add" time="0.001" /><testcase classname="tests.test_nodeAttributeChangedCallback.TestNodeWithAttributeChangedCallback" name="test_assignValueTriggersCallback" time="0.001" /><testcase classname="tests.test_nodeAttributeChangedCallback.TestNodeWithAttributeChangedCallback" name="test_specifyDefaultValueDoesNotTriggerCallback" time="0.001" /><testcase classname="tests.test_nodeAttributeChangedCallback.TestNodeWithAttributeChangedCallback" name="test_assignDefaultValueDoesNotTriggerCallback" time="0.001" /><testcase classname="tests.test_nodeAttributeChangedCallback.TestNodeWithAttributeChangedCallback" name="test_assignNonDefaultValueTriggersCallback" time="0.001" /><testcase classname="tests.test_nodeAttributeChangedCallback.TestAttributeCallbackTriggerInGraph" name="test_connectionTriggersCallback" time="0.004" /><testcase classname="tests.test_nodeAttributeChangedCallback.TestAttributeCallbackTriggerInGraph" name="test_connectedValueChangeTriggersCallback" time="0.005" /><testcase classname="tests.test_nodeAttributeChangedCallback.TestAttributeCallbackTriggerInGraph" name="test_defaultValueOnlyTriggersCallbackDownstream" time="0.003" /><testcase classname="tests.test_nodeAttributeChangedCallback.TestAttributeCallbackTriggerInGraph" name="test_valueChangeIsPropagatedAlongNodeChain" time="0.011" /><testcase classname="tests.test_nodeAttributeChangedCallback.TestAttributeCallbackTriggerInGraph" name="test_disconnectionTriggersCallback" time="0.008" /><testcase classname="tests.test_nodeAttributeChangedCallback.TestAttributeCallbackTriggerInGraph" name="test_loadingGraphDoesNotTriggerCallback" time="0.005" /><testcase classname="tests.test_nodeAttributeChangedCallback.TestAttributeCallbackTriggerInGraph" name="test_loadingGraphDoesNotTriggerCallbackForConnectedAttributes" time="0.010" /><testcase classname="tests.test_nodeAttributeChangedCallback.TestAttributeCallbackBehaviorWithUpstreamCompoundAttributes" name="test_connectionToListElement" time="0.006" /><testcase classname="tests.test_nodeAttributeChangedCallback.TestAttributeCallbackBehaviorWithUpstreamCompoundAttributes" name="test_connectionToGroupElement" time="0.006" /><testcase classname="tests.test_nodeAttributeChangedCallback.TestAttributeCallbackBehaviorWithUpstreamCompoundAttributes" name="test_connectionToGroupElementInList" time="0.006" /><testcase classname="tests.test_nodeAttributeChangedCallback.TestAttributeCallbackBehaviorWithUpstreamCompoundAttributes" name="test_connectionToListElementInGroup" time="0.006" /><testcase classname="tests.test_nodeAttributeChangedCallback.TestAttributeCallbackBehaviorWithUpstreamDynamicOutputs" name="test_connectingUncomputedDynamicOutputDoesNotTriggerDownstreamAttributeChangedCallback" time="0.004" /><testcase classname="tests.test_nodeAttributeChangedCallback.TestAttributeCallbackBehaviorWithUpstreamDynamicOutputs" name="test_connectingComputedDynamicOutputTriggersDownstreamAttributeChangedCallback" time="0.023" /><testcase classname="tests.test_nodeAttributeChangedCallback.TestAttributeCallbackBehaviorWithUpstreamDynamicOutputs" name="test_dynamicOutputValueComputeDoesNotTriggerDownstreamAttributeChangedCallback" time="0.022" /><testcase classname="tests.test_nodeAttributeChangedCallback.TestAttributeCallbackBehaviorWithUpstreamDynamicOutputs" name="test_clearingDynamicOutputValueDoesNotTriggerDownstreamAttributeChangedCallback" time="0.022" /><testcase classname="tests.test_nodeAttributeChangedCallback.TestAttributeCallbackBehaviorWithUpstreamDynamicOutputs" name="test_loadingGraphWithComputedDynamicOutputValueDoesNotTriggerDownstreamAttributeChangedCallback" time="0.027" /><testcase classname="tests.test_nodeAttributeChangedCallback.TestAttributeCallbackBehaviorOnGraphImport" name="test_importingGraphDoesNotTriggerAttributeChangedCallbacks" time="0.009" /><testcase classname="tests.test_nodeCallbacks.TestNodeCreationCallback" name="test_notTriggeredOnNodeInstantiation" time="0.001" /><testcase classname="tests.test_nodeCallbacks.TestNodeCreationCallback" name="test_triggeredOnNewNodeCreationInGraph" time="0.002" /><testcase classname="tests.test_nodeCallbacks.TestNodeCreationCallback" name="test_notTriggeredOnNodeDuplication" time="0.003" /><testcase classname="tests.test_nodeCallbacks.TestNodeCreationCallback" name="test_notTriggeredOnGraphLoad" time="0.004" /><testcase classname="tests.test_nodeCallbacks.TestNodeCreationCallback" name="test_triggeredOnGraphInitializationFromTemplate" time="0.004" /><testcase classname="tests.test_nodeCommandLineFormatting.TestCommandLineFormatting" name="test_formatting_listOfFiles" time="0.012" /><testcase classname="tests.test_nodeCommandLineFormatting.TestCommandLineFormatting" name="test_formatting_strings" time="0.006" /><testcase classname="tests.test_nodeCommandLineFormatting.TestCommandLineFormatting" name="test_formatting_groups" time="0.004" /><testcase classname="tests.test_pipeline" name="test_pipeline" time="0.046" /><testcase classname="tests.test_plugins.TestPluginWithValidNodesOnly" name="test_loadedPlugin" time="0.003" /><testcase classname="tests.test_plugins.TestPluginWithValidNodesOnly" name="test_unloadPlugin" time="0.001" /><testcase classname="tests.test_plugins.TestPluginWithValidNodesOnly" name="test_updateRegisteredNodes" time="0.001" /><testcase classname="tests.test_plugins.TestPluginWithInvalidNodes" name="test_loadedPlugin" time="0.005" /><testcase classname="tests.test_plugins.TestPluginWithInvalidNodes" name="test_reloadNodePlugin" time="0.104" /></testsuite></testsuites>